Initializing Steam
=================
By submitting '同名卡牌编号 | Card Copy Numbers' to the workshop,
you agree to the Steam Workshop terms of service:
https://steamcommunity.com/sharedfiles/workshoplegalagreement
=================
Logged in as user '祁若泫'.
Using workshop item ID 3800734754 from mod_id.txt
Querying existing workshop item details... 
Uploading '同名卡牌编号 | Card Copy Numbers' to the steam workshop with item ID 3800734754...
Status: k_EItemUpdateStatusPreparingContent
Status: k_EItemUpdateStatusPreparingContent
Status: k_EItemUpdateStatusUploadingContent
Status: k_EItemUpdateStatusUploadingContent
Status: k_EItemUpdateStatusUploadingContent
Status: k_EItemUpdateStatusUploadingContent
Status: k_EItemUpdateStatusUploadingContent
Status: k_EItemUpdateStatusUploadingContent
Status: k_EItemUpdateStatusUploadingContent
Status: k_EItemUpdateStatusUploadingContent
Status: k_EItemUpdateStatusUploadingContent
Status: k_EItemUpdateStatusUploadingContent
Status: k_EItemUpdateStatusUploadingContent
Status: k_EItemUpdateStatusUploadingContent
Status: k_EItemUpdateStatusUploadingContent
Status: k_EItemUpdateStatusUploadingContent
Status: k_EItemUpdateStatusUploadingContent
Status: k_EItemUpdateStatusUploadingContent, bytes processed: 0/1579 (0.00%)
Status: k_EItemUpdateStatusUploadingContent, bytes processed: 1579/1579 (100.00%)
Status: k_EItemUpdateStatusUploadingPreviewFile
Status: k_EItemUpdateStatusCommittingChanges
Status: k_EItemUpdateStatusInvalid
No modifications were made to dependencies.
Successfully uploaded '同名卡牌编号 | Card Copy Numbers' to the workshop with id 3800734754! Browsing to the item in Steam.
