Initializing Steam
=================
By submitting '同名卡牌编号 | Card Copy Numbers' to the workshop,
you agree to the Steam Workshop terms of service:
https://steamcommunity.com/sharedfiles/workshoplegalagreement
=================
Logged in as user '祁若泫'.
Using workshop item ID 3800734754 from mod_id.txt
Querying existing workshop item details... 
Uploading '同名卡牌编号 | Card Copy Numbers' to the steam workshop with item ID 3800734754...
Status: k_EItemUpdateStatusPreparingContent
Status: k_EItemUpdateStatusPreparingContent
Status: k_EItemUpdateStatusUploadingContent
Status: k_EItemUpdateStatusUploadingContent
Status: k_EItemUpdateStatusUploadingContent
Status: k_EItemUpdateStatusUploadingContent
Status: k_EItemUpdateStatusUploadingContent
Status: k_EItemUpdateStatusUploadingContent
Status: k_EItemUpdateStatusUploadingContent
Status: k_EItemUpdateStatusUploadingContent
Status: k_EItemUpdateStatusUploadingContent
Status: k_EItemUpdateStatusUploadingContent
Status: k_EItemUpdateStatusUploadingContent
Status: k_EItemUpdateStatusInvalid
Error occurred while uploading to the workshop! Result: k_EResultFail
